[debug] [2026-06-27T20:32:17.122Z] ----------------------------------------------------------------------
[debug] [2026-06-27T20:32:17.125Z] Command:       C:\Program Files\nodejs\node.exe C:\Users\tusha\AppData\Roaming\npm\node_modules\firebase-tools\lib\bin\firebase.js init
[debug] [2026-06-27T20:32:17.125Z] CLI Version:   15.22.3
[debug] [2026-06-27T20:32:17.125Z] Platform:      win32
[debug] [2026-06-27T20:32:17.125Z] Node Version:  v22.16.0
[debug] [2026-06-27T20:32:17.125Z] Detected Agent: unknown
[debug] [2026-06-27T20:32:17.125Z] Time:          Sun Jun 28 2026 02:02:17 GMT+0530 (India Standard Time)
[debug] [2026-06-27T20:32:17.126Z] ----------------------------------------------------------------------
[debug] 
[info] 
     ######## #### ########  ######## ########     ###     ######  ########
     ##        ##  ##     ## ##       ##     ##  ##   ##  ##       ##
     ######    ##  ########  ######   ########  #########  ######  ######
     ##        ##  ##    ##  ##       ##     ## ##     ##       ## ##
     ##       #### ##     ## ######## ########  ##     ##  ######  ########

You're about to initialize a Firebase project in this directory:

  E:\D_driver\Development_AI\Sora\sora-companion

[info] 
=== Project Setup
[info] 
[info] First, let's associate this project directory with a Firebase project.
[info] You can create multiple project aliases by running firebase use --add, 
[info] 
[debug] [2026-06-27T20:35:22.113Z] > command requires scopes: ["email","openid","https://www.googleapis.com/auth/cloudplatformprojects.readonly","https://www.googleapis.com/auth/firebase","https://www.googleapis.com/auth/cloud-platform"]
[debug] [2026-06-27T20:35:22.114Z] > authorizing via signed-in user (tusharchaturvedi199unova@gmail.com)
[debug] [2026-06-27T20:35:22.117Z] Checked if tokens are valid: true, expires at: 1782595909196
[debug] [2026-06-27T20:35:22.117Z] Checked if tokens are valid: true, expires at: 1782595909196
[debug] [2026-06-27T20:35:22.119Z] >>> [apiv2][query] GET https://firebase.googleapis.com/v1beta1/projects pageSize=100
[debug] [2026-06-27T20:35:23.422Z] <<< [apiv2][status] GET https://firebase.googleapis.com/v1beta1/projects 200
[debug] [2026-06-27T20:35:23.422Z] <<< [apiv2][body] GET https://firebase.googleapis.com/v1beta1/projects [omitted]
[info] 
=== Firestore Setup
[info] i  firestore: ensuring required API firestore.googleapis.com is enabled... 
[debug] [2026-06-27T20:35:28.298Z] Checked if tokens are valid: true, expires at: 1782595909196
[debug] [2026-06-27T20:35:28.298Z] Checked if tokens are valid: true, expires at: 1782595909196
[debug] [2026-06-27T20:35:28.298Z] >>> [apiv2][query] GET https://serviceusage.googleapis.com/v1/projects/sora-20549/services/firestore.googleapis.com [none]
[debug] [2026-06-27T20:35:28.298Z] >>> [apiv2][(partial)header] GET https://serviceusage.googleapis.com/v1/projects/sora-20549/services/firestore.googleapis.com  x-goog-user-project=sora-20549
[debug] [2026-06-27T20:35:30.140Z] <<< [apiv2][status] GET https://serviceusage.googleapis.com/v1/projects/sora-20549/services/firestore.googleapis.com 200
[debug] [2026-06-27T20:35:30.141Z] <<< [apiv2][body] GET https://serviceusage.googleapis.com/v1/projects/sora-20549/services/firestore.googleapis.com [omitted]
[warn] !  firestore: missing required API firestore.googleapis.com. Enabling now... 
[debug] [2026-06-27T20:35:30.142Z] Checked if tokens are valid: true, expires at: 1782595909196
[debug] [2026-06-27T20:35:30.142Z] Checked if tokens are valid: true, expires at: 1782595909196
[debug] [2026-06-27T20:35:30.142Z] >>> [apiv2][query] POST https://serviceusage.googleapis.com/v1/projects/sora-20549/services/firestore.googleapis.com:enable [none]
[debug] [2026-06-27T20:35:30.142Z] >>> [apiv2][(partial)header] POST https://serviceusage.googleapis.com/v1/projects/sora-20549/services/firestore.googleapis.com:enable  x-goog-user-project=sora-20549
[debug] [2026-06-27T20:35:31.865Z] <<< [apiv2][status] POST https://serviceusage.googleapis.com/v1/projects/sora-20549/services/firestore.googleapis.com:enable 200
[debug] [2026-06-27T20:35:31.865Z] <<< [apiv2][body] POST https://serviceusage.googleapis.com/v1/projects/sora-20549/services/firestore.googleapis.com:enable [omitted]
[debug] [2026-06-27T20:35:41.909Z] Checked if tokens are valid: true, expires at: 1782595909196
[debug] [2026-06-27T20:35:41.914Z] Checked if tokens are valid: true, expires at: 1782595909196
[debug] [2026-06-27T20:35:41.914Z] >>> [apiv2][query] GET https://firestore.googleapis.com/v1/projects/sora-20549/databases [none]
[debug] [2026-06-27T20:35:42.910Z] <<< [apiv2][status] GET https://firestore.googleapis.com/v1/projects/sora-20549/databases 200
[debug] [2026-06-27T20:35:42.910Z] <<< [apiv2][body] GET https://firestore.googleapis.com/v1/projects/sora-20549/databases {}
[debug] [2026-06-27T20:35:42.911Z] Checked if tokens are valid: true, expires at: 1782595909196
[debug] [2026-06-27T20:35:42.911Z] Checked if tokens are valid: true, expires at: 1782595909196
[debug] [2026-06-27T20:35:42.912Z] >>> [apiv2][query] GET https://firestore.googleapis.com/v1/projects/sora-20549/locations [none]
[debug] [2026-06-27T20:35:43.364Z] <<< [apiv2][status] GET https://firestore.googleapis.com/v1/projects/sora-20549/locations 200
[debug] [2026-06-27T20:35:43.364Z] <<< [apiv2][body] GET https://firestore.googleapis.com/v1/projects/sora-20549/locations {"locations":[{"name":"projects/sora-20549/locations/eur3","labels":{"appengine.googleapis.com/geo":"europe-west","cloud.googleapis.com/location":"eur3","cloud.googleapis.com/geo":"eur3"},"metadata":{"@type":"type.googleapis.com/google.firestore.admin.v1.LocationMetadata"},"locationId":"eur3","displayName":"Europe"},{"name":"projects/sora-20549/locations/nam5","labels":{"appengine.googleapis.com/geo":"us-central","cloud.googleapis.com/location":"nam5","cloud.googleapis.com/geo":"nam5"},"metadata":{"@type":"type.googleapis.com/google.firestore.admin.v1.LocationMetadata"},"locationId":"nam5","displayName":"United States"},{"name":"projects/sora-20549/locations/nam7","labels":{"cloud.googleapis.com/location":"nam7","cloud.googleapis.com/geo":"nam7"},"metadata":{"@type":"type.googleapis.com/google.firestore.admin.v1.LocationMetadata"},"locationId":"nam7","displayName":"United States"},{"name":"projects/sora-20549/locations/africa-south1","labels":{"cloud.googleapis.com/location":"africa-south1","cloud.googleapis.com/region":"africa-south1"},"metadata":{"@type":"type.googleapis.com/google.firestore.admin.v1.LocationMetadata"},"locationId":"africa-south1","displayName":"Johannesburg"},{"name":"projects/sora-20549/locations/asia-east1","labels":{"appengine.googleapis.com/region":"asia-east1","cloud.googleapis.com/location":"asia-east1","cloud.googleapis.com/region":"asia-east1"},"metadata":{"@type":"type.googleapis.com/google.firestore.admin.v1.LocationMetadata"},"locationId":"asia-east1","displayName":"Taiwan"},{"name":"projects/sora-20549/locations/asia-east2","labels":{"appengine.googleapis.com/region":"asia-east2","cloud.googleapis.com/location":"asia-east2","cloud.googleapis.com/region":"asia-east2"},"metadata":{"@type":"type.googleapis.com/google.firestore.admin.v1.LocationMetadata"},"locationId":"asia-east2","displayName":"Hong Kong"},{"name":"projects/sora-20549/locations/asia-northeast1","labels":{"appengine.googleapis.com/region":"asia-northeast1","cloud.googleapis.com/location":"asia-northeast1","cloud.googleapis.com/region":"asia-northeast1"},"metadata":{"@type":"type.googleapis.com/google.firestore.admin.v1.LocationMetadata"},"locationId":"asia-northeast1","displayName":"Tokyo"},{"name":"projects/sora-20549/locations/asia-northeast2","labels":{"appengine.googleapis.com/region":"asia-northeast2","cloud.googleapis.com/location":"asia-northeast2","cloud.googleapis.com/region":"asia-northeast2"},"metadata":{"@type":"type.googleapis.com/google.firestore.admin.v1.LocationMetadata"},"locationId":"asia-northeast2","displayName":"Osaka"},{"name":"projects/sora-20549/locations/asia-northeast3","labels":{"appengine.googleapis.com/region":"asia-northeast3","cloud.googleapis.com/location":"asia-northeast3","cloud.googleapis.com/region":"asia-northeast3"},"metadata":{"@type":"type.googleapis.com/google.firestore.admin.v1.LocationMetadata"},"locationId":"asia-northeast3","displayName":"Seoul"},{"name":"projects/sora-20549/locations/asia-south1","labels":{"appengine.googleapis.com/region":"asia-south1","cloud.googleapis.com/location":"asia-south1","cloud.googleapis.com/region":"asia-south1"},"metadata":{"@type":"type.googleapis.com/google.firestore.admin.v1.LocationMetadata"},"locationId":"asia-south1","displayName":"Mumbai"},{"name":"projects/sora-20549/locations/asia-south2","labels":{"cloud.googleapis.com/location":"asia-south2","cloud.googleapis.com/region":"asia-south2"},"metadata":{"@type":"type.googleapis.com/google.firestore.admin.v1.LocationMetadata"},"locationId":"asia-south2","displayName":"Delhi"},{"name":"projects/sora-20549/locations/asia-southeast1","labels":{"appengine.googleapis.com/region":"asia-southeast1","cloud.googleapis.com/location":"asia-southeast1","cloud.googleapis.com/region":"asia-southeast1"},"metadata":{"@type":"type.googleapis.com/google.firestore.admin.v1.LocationMetadata"},"locationId":"asia-southeast1","displayName":"Singapore"},{"name":"projects/sora-20549/locations/asia-southeast2","labels":{"appengine.googleapis.com/region":"asia-southeast2","cloud.googleapis.com/location":"asia-southeast2","cloud.googleapis.com/region":"asia-southeast2"},"metadata":{"@type":"type.googleapis.com/google.firestore.admin.v1.LocationMetadata"},"locationId":"asia-southeast2","displayName":"Jakarta"},{"name":"projects/sora-20549/locations/asia-southeast3","labels":{"cloud.googleapis.com/location":"asia-southeast3","cloud.googleapis.com/region":"asia-southeast3"},"metadata":{"@type":"type.googleapis.com/google.firestore.admin.v1.LocationMetadata"},"locationId":"asia-southeast3","displayName":"Bangkok"},{"name":"projects/sora-20549/locations/australia-southeast1","labels":{"appengine.googleapis.com/region":"australia-southeast1","cloud.googleapis.com/location":"australia-southeast1","cloud.googleapis.com/region":"australia-southeast1"},"metadata":{"@type":"type.googleapis.com/google.firestore.admin.v1.LocationMetadata"},"locationId":"australia-southeast1","displayName":"Sydney"},{"name":"projects/sora-20549/locations/australia-southeast2","labels":{"cloud.googleapis.com/location":"australia-southeast2","cloud.googleapis.com/region":"australia-southeast2"},"metadata":{"@type":"type.googleapis.com/google.firestore.admin.v1.LocationMetadata"},"locationId":"australia-southeast2","displayName":"Melbourne"},{"name":"projects/sora-20549/locations/europe-central2","labels":{"appengine.googleapis.com/region":"europe-central2","cloud.googleapis.com/location":"europe-central2","cloud.googleapis.com/region":"europe-central2"},"metadata":{"@type":"type.googleapis.com/google.firestore.admin.v1.LocationMetadata"},"locationId":"europe-central2","displayName":"Warsaw"},{"name":"projects/sora-20549/locations/europe-north1","labels":{"cloud.googleapis.com/location":"europe-north1","cloud.googleapis.com/region":"europe-north1"},"metadata":{"@type":"type.googleapis.com/google.firestore.admin.v1.LocationMetadata"},"locationId":"europe-north1","displayName":"Finland"},{"name":"projects/sora-20549/locations/europe-north2","labels":{"cloud.googleapis.com/location":"europe-north2","cloud.googleapis.com/region":"europe-north2"},"metadata":{"@type":"type.googleapis.com/google.firestore.admin.v1.LocationMetadata"},"locationId":"europe-north2","displayName":"Stockholm"},{"name":"projects/sora-20549/locations/europe-southwest1","labels":{"cloud.googleapis.com/location":"europe-southwest1","cloud.googleapis.com/region":"europe-southwest1"},"metadata":{"@type":"type.googleapis.com/google.firestore.admin.v1.LocationMetadata"},"locationId":"europe-southwest1","displayName":"Madrid"},{"name":"projects/sora-20549/locations/europe-west1","labels":{"cloud.googleapis.com/location":"europe-west1","cloud.googleapis.com/region":"europe-west1"},"metadata":{"@type":"type.googleapis.com/google.firestore.admin.v1.LocationMetadata"},"locationId":"europe-west1","displayName":"Belgium"},{"name":"projects/sora-20549/locations/europe-west10","labels":{"cloud.googleapis.com/location":"europe-west10","cloud.googleapis.com/region":"europe-west10"},"metadata":{"@type":"type.googleapis.com/google.firestore.admin.v1.LocationMetadata"},"locationId":"europe-west10","displayName":"Berlin"},{"name":"projects/sora-20549/locations/europe-west12","labels":{"cloud.googleapis.com/location":"europe-west12","cloud.googleapis.com/region":"europe-west12"},"metadata":{"@type":"type.googleapis.com/google.firestore.admin.v1.LocationMetadata"},"locationId":"europe-west12","displayName":"Turin"},{"name":"projects/sora-20549/locations/europe-west2","labels":{"appengine.googleapis.com/region":"europe-west2","cloud.googleapis.com/location":"europe-west2","cloud.googleapis.com/region":"europe-west2"},"metadata":{"@type":"type.googleapis.com/google.firestore.admin.v1.LocationMetadata"},"locationId":"europe-west2","displayName":"London"},{"name":"projects/sora-20549/locations/europe-west3","labels":{"appengine.googleapis.com/region":"europe-west3","cloud.googleapis.com/location":"europe-west3","cloud.googleapis.com/region":"europe-west3"},"metadata":{"@type":"type.googleapis.com/google.firestore.admin.v1.LocationMetadata"},"locationId":"europe-west3","displayName":"Frankfurt"},{"name":"projects/sora-20549/locations/europe-west4","labels":{"cloud.googleapis.com/location":"europe-west4","cloud.googleapis.com/region":"europe-west4"},"metadata":{"@type":"type.googleapis.com/google.firestore.admin.v1.LocationMetadata"},"locationId":"europe-west4","displayName":"Netherlands"},{"name":"projects/sora-20549/locations/europe-west6","labels":{"appengine.googleapis.com/region":"europe-west6","cloud.googleapis.com/location":"europe-west6","cloud.googleapis.com/region":"europe-west6"},"metadata":{"@type":"type.googleapis.com/google.firestore.admin.v1.LocationMetadata"},"locationId":"europe-west6","displayName":"Zurich"},{"name":"projects/sora-20549/locations/europe-west8","labels":{"cloud.googleapis.com/location":"europe-west8","cloud.googleapis.com/region":"europe-west8"},"metadata":{"@type":"type.googleapis.com/google.firestore.admin.v1.LocationMetadata"},"locationId":"europe-west8","displayName":"Milan"},{"name":"projects/sora-20549/locations/europe-west9","labels":{"cloud.googleapis.com/location":"europe-west9","cloud.googleapis.com/region":"europe-west9"},"metadata":{"@type":"type.googleapis.com/google.firestore.admin.v1.LocationMetadata"},"locationId":"europe-west9","displayName":"Paris"},{"name":"projects/sora-20549/locations/me-central1","labels":{"cloud.googleapis.com/location":"me-central1","cloud.googleapis.com/region":"me-central1"},"metadata":{"@type":"type.googleapis.com/google.firestore.admin.v1.LocationMetadata"},"locationId":"me-central1","displayName":"Doha"},{"name":"projects/sora-20549/locations/me-central2","labels":{"cloud.googleapis.com/location":"me-central2","cloud.googleapis.com/region":"me-central2"},"metadata":{"@type":"type.googleapis.com/google.firestore.admin.v1.LocationMetadata"},"locationId":"me-central2","displayName":"Dammam"},{"name":"projects/sora-20549/locations/me-west1","labels":{"cloud.googleapis.com/location":"me-west1","cloud.googleapis.com/region":"me-west1"},"metadata":{"@type":"type.googleapis.com/google.firestore.admin.v1.LocationMetadata"},"locationId":"me-west1","displayName":"Tel Aviv"},{"name":"projects/sora-20549/locations/northamerica-northeast1","labels":{"appengine.googleapis.com/region":"northamerica-northeast1","cloud.googleapis.com/location":"northamerica-northeast1","cloud.googleapis.com/region":"northamerica-northeast1"},"metadata":{"@type":"type.googleapis.com/google.firestore.admin.v1.LocationMetadata"},"locationId":"northamerica-northeast1","displayName":"Montréal"},{"name":"projects/sora-20549/locations/northamerica-northeast2","labels":{"cloud.googleapis.com/location":"northamerica-northeast2","cloud.googleapis.com/region":"northamerica-northeast2"},"metadata":{"@type":"type.googleapis.com/google.firestore.admin.v1.LocationMetadata"},"locationId":"northamerica-northeast2","displayName":"Toronto"},{"name":"projects/sora-20549/locations/northamerica-south1","labels":{"cloud.googleapis.com/location":"northamerica-south1","cloud.googleapis.com/region":"northamerica-south1"},"metadata":{"@type":"type.googleapis.com/google.firestore.admin.v1.LocationMetadata"},"locationId":"northamerica-south1","displayName":"Mexico"},{"name":"projects/sora-20549/locations/southamerica-east1","labels":{"appengine.googleapis.com/region":"southamerica-east1","cloud.googleapis.com/location":"southamerica-east1","cloud.googleapis.com/region":"southamerica-east1"},"metadata":{"@type":"type.googleapis.com/google.firestore.admin.v1.LocationMetadata"},"locationId":"southamerica-east1","displayName":"São Paulo"},{"name":"projects/sora-20549/locations/southamerica-west1","labels":{"cloud.googleapis.com/location":"southamerica-west1","cloud.googleapis.com/region":"southamerica-west1"},"metadata":{"@type":"type.googleapis.com/google.firestore.admin.v1.LocationMetadata"},"locationId":"southamerica-west1","displayName":"Santiago"},{"name":"projects/sora-20549/locations/us-central1","labels":{"cloud.googleapis.com/location":"us-central1","cloud.googleapis.com/region":"us-central1"},"metadata":{"@type":"type.googleapis.com/google.firestore.admin.v1.LocationMetadata"},"locationId":"us-central1","displayName":"Iowa"},{"name":"projects/sora-20549/locations/us-east1","labels":{"appengine.googleapis.com/region":"us-east1","cloud.googleapis.com/location":"us-east1","cloud.googleapis.com/region":"us-east1"},"metadata":{"@type":"type.googleapis.com/google.firestore.admin.v1.LocationMetadata"},"locationId":"us-east1","displayName":"South Carolina"},{"name":"projects/sora-20549/locations/us-east4","labels":{"appengine.googleapis.com/region":"us-east4","cloud.googleapis.com/location":"us-east4","cloud.googleapis.com/region":"us-east4"},"metadata":{"@type":"type.googleapis.com/google.firestore.admin.v1.LocationMetadata"},"locationId":"us-east4","displayName":"Northern Virginia"},{"name":"projects/sora-20549/locations/us-east5","labels":{"cloud.googleapis.com/location":"us-east5","cloud.googleapis.com/region":"us-east5"},"metadata":{"@type":"type.googleapis.com/google.firestore.admin.v1.LocationMetadata"},"locationId":"us-east5","displayName":"Columbus"},{"name":"projects/sora-20549/locations/us-south1","labels":{"cloud.googleapis.com/location":"us-south1","cloud.googleapis.com/region":"us-south1"},"metadata":{"@type":"type.googleapis.com/google.firestore.admin.v1.LocationMetadata"},"locationId":"us-south1","displayName":"Dallas"},{"name":"projects/sora-20549/locations/us-west1","labels":{"appengine.googleapis.com/region":"us-west1","cloud.googleapis.com/location":"us-west1","cloud.googleapis.com/region":"us-west1"},"metadata":{"@type":"type.googleapis.com/google.firestore.admin.v1.LocationMetadata"},"locationId":"us-west1","displayName":"Oregon"},{"name":"projects/sora-20549/locations/us-west2","labels":{"appengine.googleapis.com/region":"us-west2","cloud.googleapis.com/location":"us-west2","cloud.googleapis.com/region":"us-west2"},"metadata":{"@type":"type.googleapis.com/google.firestore.admin.v1.LocationMetadata"},"locationId":"us-west2","displayName":"Los Angeles"},{"name":"projects/sora-20549/locations/us-west3","labels":{"appengine.googleapis.com/region":"us-west3","cloud.googleapis.com/location":"us-west3","cloud.googleapis.com/region":"us-west3"},"metadata":{"@type":"type.googleapis.com/google.firestore.admin.v1.LocationMetadata"},"locationId":"us-west3","displayName":"Salt Lake City"},{"name":"projects/sora-20549/locations/us-west4","labels":{"appengine.googleapis.com/region":"us-west4","cloud.googleapis.com/location":"us-west4","cloud.googleapis.com/region":"us-west4"},"metadata":{"@type":"type.googleapis.com/google.firestore.admin.v1.LocationMetadata"},"locationId":"us-west4","displayName":"Las Vegas"}]}
[info] 
[info] Firestore Security Rules allow you to define how and when to allow
[info] requests. You can keep these rules in your project directory
[info] and publish them with firebase deploy.
[info] 
[debug] [2026-06-27T20:39:41.606Z] Checked if tokens are valid: true, expires at: 1782595909196
[debug] [2026-06-27T20:39:41.607Z] Checked if tokens are valid: true, expires at: 1782595909196
[debug] [2026-06-27T20:39:41.607Z] >>> [apiv2][query] GET https://firebaserules.googleapis.com/v1/projects/sora-20549/releases pageSize=10&pageToken=
[debug] [2026-06-27T20:39:43.396Z] <<< [apiv2][status] GET https://firebaserules.googleapis.com/v1/projects/sora-20549/releases 200
[debug] [2026-06-27T20:39:43.397Z] <<< [apiv2][body] GET https://firebaserules.googleapis.com/v1/projects/sora-20549/releases {}
[info] 
[info] Firestore indexes allow you to perform complex queries while
[info] maintaining performance that scales with the size of the result
[info] set. You can keep index definitions in your project directory
[info] and publish them with firebase deploy.
[info] 
[debug] [2026-06-27T20:39:50.727Z] Checked if tokens are valid: true, expires at: 1782595909196
[debug] [2026-06-27T20:39:50.727Z] Checked if tokens are valid: true, expires at: 1782595909196
[debug] [2026-06-27T20:39:50.728Z] Checked if tokens are valid: true, expires at: 1782595909196
[debug] [2026-06-27T20:39:50.728Z] Checked if tokens are valid: true, expires at: 1782595909196
[debug] [2026-06-27T20:39:50.728Z] >>> [apiv2][query] GET https://firestore.googleapis.com/v1/projects/sora-20549/databases/(default)/collectionGroups/-/indexes [none]
[debug] [2026-06-27T20:39:50.731Z] >>> [apiv2][query] GET https://firestore.googleapis.com/v1/projects/sora-20549/databases/(default)/collectionGroups/-/fields?filter=indexConfig.usesAncestorConfig=false OR ttlConfig:* [none]
[debug] [2026-06-27T20:39:52.137Z] <<< [apiv2][status] GET https://firestore.googleapis.com/v1/projects/sora-20549/databases/(default)/collectionGroups/-/fields?filter=indexConfig.usesAncestorConfig=false OR ttlConfig:* 404
[debug] [2026-06-27T20:39:52.137Z] <<< [apiv2][body] GET https://firestore.googleapis.com/v1/projects/sora-20549/databases/(default)/collectionGroups/-/fields?filter=indexConfig.usesAncestorConfig=false OR ttlConfig:* {"error":{"code":404,"message":"Project 'sora-20549' or database '(default)' does not exist.","status":"NOT_FOUND"}}
[info] +  Wrote firestore.rules 
[info] +  Wrote firestore.indexes.json 
[info] 
=== Functions Setup
[debug] [2026-06-27T20:39:52.163Z] > command requires scopes: ["email","openid","https://www.googleapis.com/auth/cloudplatformprojects.readonly","https://www.googleapis.com/auth/firebase","https://www.googleapis.com/auth/cloud-platform"]
[debug] [2026-06-27T20:39:52.163Z] > authorizing via signed-in user (tusharchaturvedi199unova@gmail.com)
[debug] [2026-06-27T20:39:52.163Z] [iam] checking project sora-20549 for permissions ["firebase.projects.get"]
[debug] [2026-06-27T20:39:52.163Z] Checked if tokens are valid: true, expires at: 1782595909196
[debug] [2026-06-27T20:39:52.163Z] Checked if tokens are valid: true, expires at: 1782595909196
[debug] [2026-06-27T20:39:52.163Z] >>> [apiv2][query] POST https://cloudresourcemanager.googleapis.com/v1/projects/sora-20549:testIamPermissions [none]
[debug] [2026-06-27T20:39:52.164Z] >>> [apiv2][(partial)header] POST https://cloudresourcemanager.googleapis.com/v1/projects/sora-20549:testIamPermissions  x-goog-user-project=sora-20549
[debug] [2026-06-27T20:39:52.164Z] >>> [apiv2][body] POST https://cloudresourcemanager.googleapis.com/v1/projects/sora-20549:testIamPermissions {"permissions":["firebase.projects.get"]}
[debug] [2026-06-27T20:39:52.937Z] <<< [apiv2][status] GET https://firestore.googleapis.com/v1/projects/sora-20549/databases/(default)/collectionGroups/-/indexes 404
[debug] [2026-06-27T20:39:52.938Z] <<< [apiv2][body] GET https://firestore.googleapis.com/v1/projects/sora-20549/databases/(default)/collectionGroups/-/indexes {"error":{"code":404,"message":"Project 'sora-20549' or database '(default)' does not exist.","status":"NOT_FOUND"}}
[debug] [2026-06-27T20:39:53.905Z] <<< [apiv2][status] POST https://cloudresourcemanager.googleapis.com/v1/projects/sora-20549:testIamPermissions 200
[debug] [2026-06-27T20:39:53.905Z] <<< [apiv2][body] POST https://cloudresourcemanager.googleapis.com/v1/projects/sora-20549:testIamPermissions {"permissions":["firebase.projects.get"]}
[debug] [2026-06-27T20:39:53.905Z] Checked if tokens are valid: true, expires at: 1782595909196
[debug] [2026-06-27T20:39:53.905Z] Checked if tokens are valid: true, expires at: 1782595909196
[debug] [2026-06-27T20:39:53.906Z] Checked if tokens are valid: true, expires at: 1782595909196
[debug] [2026-06-27T20:39:53.906Z] Checked if tokens are valid: true, expires at: 1782595909196
[debug] [2026-06-27T20:39:53.906Z] >>> [apiv2][query] GET https://serviceusage.googleapis.com/v1/projects/sora-20549/services/cloudfunctions.googleapis.com [none]
[debug] [2026-06-27T20:39:53.906Z] >>> [apiv2][(partial)header] GET https://serviceusage.googleapis.com/v1/projects/sora-20549/services/cloudfunctions.googleapis.com  x-goog-user-project=sora-20549
[debug] [2026-06-27T20:39:53.907Z] >>> [apiv2][query] GET https://serviceusage.googleapis.com/v1/projects/sora-20549/services/runtimeconfig.googleapis.com [none]
[debug] [2026-06-27T20:39:53.907Z] >>> [apiv2][(partial)header] GET https://serviceusage.googleapis.com/v1/projects/sora-20549/services/runtimeconfig.googleapis.com  x-goog-user-project=sora-20549
[debug] [2026-06-27T20:39:55.672Z] <<< [apiv2][status] GET https://serviceusage.googleapis.com/v1/projects/sora-20549/services/runtimeconfig.googleapis.com 200
[debug] [2026-06-27T20:39:55.672Z] <<< [apiv2][body] GET https://serviceusage.googleapis.com/v1/projects/sora-20549/services/runtimeconfig.googleapis.com [omitted]
[debug] [2026-06-27T20:39:55.681Z] <<< [apiv2][status] GET https://serviceusage.googleapis.com/v1/projects/sora-20549/services/cloudfunctions.googleapis.com 200
[debug] [2026-06-27T20:39:55.681Z] <<< [apiv2][body] GET https://serviceusage.googleapis.com/v1/projects/sora-20549/services/cloudfunctions.googleapis.com [omitted]
[debug] [2026-06-27T20:39:55.681Z] Checked if tokens are valid: true, expires at: 1782595909196
[debug] [2026-06-27T20:39:55.682Z] Checked if tokens are valid: true, expires at: 1782595909196
[debug] [2026-06-27T20:39:55.682Z] >>> [apiv2][query] POST https://serviceusage.googleapis.com/v1/projects/sora-20549/services/cloudfunctions.googleapis.com:enable [none]
[debug] [2026-06-27T20:39:55.682Z] >>> [apiv2][(partial)header] POST https://serviceusage.googleapis.com/v1/projects/sora-20549/services/cloudfunctions.googleapis.com:enable  x-goog-user-project=sora-20549
[debug] [2026-06-27T20:39:56.308Z] <<< [apiv2][status] POST https://serviceusage.googleapis.com/v1/projects/sora-20549/services/cloudfunctions.googleapis.com:enable 200
[debug] [2026-06-27T20:39:56.309Z] <<< [apiv2][body] POST https://serviceusage.googleapis.com/v1/projects/sora-20549/services/cloudfunctions.googleapis.com:enable [omitted]
[info] Let's create a new codebase for your functions.
[info] A directory corresponding to the codebase will be created in your project
[info] with sample code pre-configured.

[info] See https://firebase.google.com/docs/functions/organize-functions for
[info] more information on organizing your functions using codebases.

[info] Functions can be deployed with firebase deploy.

[info] +  Wrote functions/.eslintrc.js 
[info] +  Wrote functions/tsconfig.dev.json 
[info] +  Wrote functions/package.json 
[info] +  Wrote functions/tsconfig.json 
[info] +  Wrote functions/src/index.ts 
[info] +  Wrote functions/.gitignore 
[info] 
=== Hosting Setup
[debug] [2026-06-27T20:43:00.054Z] Checked if tokens are valid: true, expires at: 1782595909196
[debug] [2026-06-27T20:43:00.054Z] Checked if tokens are valid: true, expires at: 1782595909196
[debug] [2026-06-27T20:43:00.054Z] >>> [apiv2][query] GET https://firebase.googleapis.com/v1beta1/projects/sora-20549 [none]
[debug] [2026-06-27T20:43:00.875Z] <<< [apiv2][status] GET https://firebase.googleapis.com/v1beta1/projects/sora-20549 200
[debug] [2026-06-27T20:43:00.875Z] <<< [apiv2][body] GET https://firebase.googleapis.com/v1beta1/projects/sora-20549 {"projectId":"sora-20549","projectNumber":"662072202570","displayName":"Sora","name":"projects/sora-20549","resources":{"hostingSite":"sora-20549"},"state":"ACTIVE","etag":"1_51de03ec-74bf-4706-9250-c5458bb5dffa"}
[info] 
[info] Your public directory is the folder (relative to your project directory) that
[info] will contain Hosting assets to be uploaded with firebase deploy. If you
[info] have a build process for your assets, use your build's output directory.
[info] 
